-----BEGIN PGP MESSAGE-----

hQGMAySIyl2aoKYAAQv/UUcOcQ9vLK06xfCRl/LIpYMg3PDdG1ffainzqMxx9nr0
0KEJYLYUNAddSWMRfz+SeFvRcTM4G4J6AtoRqj+Ovh0zdoqjlwPgNvvDvkPZQIdz
zBDGJL4dk/FMJ6LLUoWLVCI8T6HtSKnVXGcD5zxTVBFXbjFevG3ZcE1MEYIFiJCU
IDQQRrjrgJWypuHVKKr/yLfLRN1wyMIxgkkbbGGVR6LEjJEZHc0ttq21GzbFxr5Y
QeVJcb0niLlmPWEpzmL/fmucGdmysopfvDZuXLZvUSxfWZ4Q301kGftSaznK4Qlk
SBQtjhTswQBQCtKe+Sm5l//NYXyxroIKEV/v6WGBXwu4oheQ2nZwYHJP9pkIGTa9
KVaRfoC18R/mqoQavosypLyC7wHT1phDboMccqtqkNOh73SGxvU7QzSl8VA0LlWt
zeAAg1Bzp90A9NtwFTBvYfM1bPMALUrMBtMbgLwwo4atJggJm8e/AtOgGxa7Tn0P
m78Y1QU2EQPpcaREQuck0sCtAReOS7VZw2E4xB1J8X884Reg8jziIdGlNgks0GO8
vFyOOokOnJIveCOdFFLR0pj+/IYKKGAjVEcaY6GEnsqUVYZuv9X+AZrdf+q0vBzO
Cxfu6qdNPDTqmFHDNZfJnst857kYDmzjMe0DtYdiumzPRt5nmL+Hg6G0vL4pfcPm
k93pIqXj65CNF22/I20mqU4THHz6/GbdPRhDrfBUwPTU5J1MNaZc4rpnw4XYCDmA
Kf9A/MzoakwjxCyx7b94/8hKAsbN60oOFZ7TxoKPiiHf04YQLPOGEsdMwDEtLybn
zVk0mkHBG42FKwIEInmaIlVIj8hd0ViJ2KxCx0S5P71IXHZjGzhPuXDVhCNzEkO5
MLTnSv8EVGfavyH9QSxS+eFW3ZAgiRjaZ42Ey8z3TWuH036LPI9NY4jxqEG2utTd
vS2bvLL3pQKxqG5zxkPxhhL4BHPFAcD3Gaiuh3T2+2y+dPdy+A6NCNubMczihtM=
=GOAk
-----END PGP MESSAGE-----
